Archive member included to satisfy reference by file (symbol)

D:/STM32CubeIDE_1.14.1/STM32CubeIDE/plugins/com.st.stm32cube.ide.mcu.externaltools.gnu-tools-for-stm32.11.3.rel1.win32_1.1.100.202309141235/tools/bin/../lib/gcc/arm-none-eabi/11.3.1/../../../../arm-none-eabi/lib/thumb/v7e-m+fp/hard\libc_nano.a(libc_a-exit.o)
                              D:/STM32CubeIDE_1.14.1/STM32CubeIDE/plugins/com.st.stm32cube.ide.mcu.externaltools.gnu-tools-for-stm32.11.3.rel1.win32_1.1.100.202309141235/tools/bin/../lib/gcc/arm-none-eabi/11.3.1/../../../../arm-none-eabi/lib/thumb/v7e-m+fp/hard/crt0.o (exit)
D:/STM32CubeIDE_1.14.1/STM32CubeIDE/plugins/com.st.stm32cube.ide.mcu.externaltools.gnu-tools-for-stm32.11.3.rel1.win32_1.1.100.202309141235/tools/bin/../lib/gcc/arm-none-eabi/11.3.1/../../../../arm-none-eabi/lib/thumb/v7e-m+fp/hard\libc_nano.a(libc_a-findfp.o)
                              D:/STM32CubeIDE_1.14.1/STM32CubeIDE/plugins/com.st.stm32cube.ide.mcu.externaltools.gnu-tools-for-stm32.11.3.rel1.win32_1.1.100.202309141235/tools/bin/../lib/gcc/arm-none-eabi/11.3.1/../../../../arm-none-eabi/lib/thumb/v7e-m+fp/hard\libc_nano.a(libc_a-exit.o) (__stdio_exit_handler)
D:/STM32CubeIDE_1.14.1/STM32CubeIDE/plugins/com.st.stm32cube.ide.mcu.externaltools.gnu-tools-for-stm32.11.3.rel1.win32_1.1.100.202309141235/tools/bin/../lib/gcc/arm-none-eabi/11.3.1/../../../../arm-none-eabi/lib/thumb/v7e-m+fp/hard\libc_nano.a(libc_a-fwalk.o)
                              D:/STM32CubeIDE_1.14.1/STM32CubeIDE/plugins/com.st.stm32cube.ide.mcu.externaltools.gnu-tools-for-stm32.11.3.rel1.win32_1.1.100.202309141235/tools/bin/../lib/gcc/arm-none-eabi/11.3.1/../../../../arm-none-eabi/lib/thumb/v7e-m+fp/hard\libc_nano.a(libc_a-findfp.o) (_fwalk_sglue)
D:/STM32CubeIDE_1.14.1/STM32CubeIDE/plugins/com.st.stm32cube.ide.mcu.externaltools.gnu-tools-for-stm32.11.3.rel1.win32_1.1.100.202309141235/tools/bin/../lib/gcc/arm-none-eabi/11.3.1/../../../../arm-none-eabi/lib/thumb/v7e-m+fp/hard\libc_nano.a(libc_a-stdio.o)
                              D:/STM32CubeIDE_1.14.1/STM32CubeIDE/plugins/com.st.stm32cube.ide.mcu.externaltools.gnu-tools-for-stm32.11.3.rel1.win32_1.1.100.202309141235/tools/bin/../lib/gcc/arm-none-eabi/11.3.1/../../../../arm-none-eabi/lib/thumb/v7e-m+fp/hard\libc_nano.a(libc_a-findfp.o) (__sread)
D:/STM32CubeIDE_1.14.1/STM32CubeIDE/plugins/com.st.stm32cube.ide.mcu.externaltools.gnu-tools-for-stm32.11.3.rel1.win32_1.1.100.202309141235/tools/bin/../lib/gcc/arm-none-eabi/11.3.1/../../../../arm-none-eabi/lib/thumb/v7e-m+fp/hard\libc_nano.a(libc_a-memset.o)
                              D:/STM32CubeIDE_1.14.1/STM32CubeIDE/plugins/com.st.stm32cube.ide.mcu.externaltools.gnu-tools-for-stm32.11.3.rel1.win32_1.1.100.202309141235/tools/bin/../lib/gcc/arm-none-eabi/11.3.1/../../../../arm-none-eabi/lib/thumb/v7e-m+fp/hard/crt0.o (memset)
D:/STM32CubeIDE_1.14.1/STM32CubeIDE/plugins/com.st.stm32cube.ide.mcu.externaltools.gnu-tools-for-stm32.11.3.rel1.win32_1.1.100.202309141235/tools/bin/../lib/gcc/arm-none-eabi/11.3.1/../../../../arm-none-eabi/lib/thumb/v7e-m+fp/hard\libc_nano.a(libc_a-closer.o)
                              D:/STM32CubeIDE_1.14.1/STM32CubeIDE/plugins/com.st.stm32cube.ide.mcu.externaltools.gnu-tools-for-stm32.11.3.rel1.win32_1.1.100.202309141235/tools/bin/../lib/gcc/arm-none-eabi/11.3.1/../../../../arm-none-eabi/lib/thumb/v7e-m+fp/hard\libc_nano.a(libc_a-stdio.o) (_close_r)
D:/STM32CubeIDE_1.14.1/STM32CubeIDE/plugins/com.st.stm32cube.ide.mcu.externaltools.gnu-tools-for-stm32.11.3.rel1.win32_1.1.100.202309141235/tools/bin/../lib/gcc/arm-none-eabi/11.3.1/../../../../arm-none-eabi/lib/thumb/v7e-m+fp/hard\libc_nano.a(libc_a-reent.o)
                              D:/STM32CubeIDE_1.14.1/STM32CubeIDE/plugins/com.st.stm32cube.ide.mcu.externaltools.gnu-tools-for-stm32.11.3.rel1.win32_1.1.100.202309141235/tools/bin/../lib/gcc/arm-none-eabi/11.3.1/../../../../arm-none-eabi/lib/thumb/v7e-m+fp/hard\libc_nano.a(libc_a-closer.o) (errno)
D:/STM32CubeIDE_1.14.1/STM32CubeIDE/plugins/com.st.stm32cube.ide.mcu.externaltools.gnu-tools-for-stm32.11.3.rel1.win32_1.1.100.202309141235/tools/bin/../lib/gcc/arm-none-eabi/11.3.1/../../../../arm-none-eabi/lib/thumb/v7e-m+fp/hard\libc_nano.a(libc_a-impure.o)
                              D:/STM32CubeIDE_1.14.1/STM32CubeIDE/plugins/com.st.stm32cube.ide.mcu.externaltools.gnu-tools-for-stm32.11.3.rel1.win32_1.1.100.202309141235/tools/bin/../lib/gcc/arm-none-eabi/11.3.1/../../../../arm-none-eabi/lib/thumb/v7e-m+fp/hard\libc_nano.a(libc_a-reent.o) (_impure_ptr)
D:/STM32CubeIDE_1.14.1/STM32CubeIDE/plugins/com.st.stm32cube.ide.mcu.externaltools.gnu-tools-for-stm32.11.3.rel1.win32_1.1.100.202309141235/tools/bin/../lib/gcc/arm-none-eabi/11.3.1/../../../../arm-none-eabi/lib/thumb/v7e-m+fp/hard\libc_nano.a(libc_a-lseekr.o)
[...]
Memory Configuration

Name             Origin             Length             Attributes
RAM              0x0000000020000000 0x0000000000020000 xrw
FLASH            0x0000000008000000 0x0000000000080000 xr
*default*        0x0000000000000000 0xffffffffffffffff

Linker script and memory map

LOAD D:/STM32CubeIDE_1.14.1/STM32CubeIDE/plugins/com.st.stm32cube.ide.mcu.externaltools.gnu-tools-for-stm32.11.3.rel1.win32_1.1.100.202309141235/tools/bin/../lib/gcc/arm-none-eabi/11.3.1/thumb/v7e-m+fp/hard/crti.o
LOAD D:/STM32CubeIDE_1.14.1/STM32CubeIDE/plugins/com.st.stm32cube.ide.mcu.externaltools.gnu-tools-for-stm32.11.3.rel1.win32_1.1.100.202309141235/tools/bin/../lib/gcc/arm-none-eabi/11.3.1/thumb/v7e-m+fp/hard/crtbegin.o
LOAD D:/STM32CubeIDE_1.14.1/STM32CubeIDE/plugins/com.st.stm32cube.ide.mcu.externaltools.gnu-tools-for-stm32.11.3.rel1.win32_1.1.100.202309141235/tools/bin/../lib/gcc/arm-none-eabi/11.3.1/../../../../arm-none-eabi/lib/thumb/v7e-m+fp/hard/crt0.o
LOAD ./Example/main.o
LOAD ./Example/syscalls.o
LOAD ./Example/sysmem.o
LOAD ./Startup/startup_stm32f411ceux.o
LOAD ./drivers/src/stm32f411ceu6_GPIO.o
LOAD ./drivers/src/stm32f411ceu6_generic.o
START GROUP
LOAD D:/STM32CubeIDE_1.14.1/STM32CubeIDE/plugins/com.st.stm32cube.ide.mcu.externaltools.gnu-tools-for-stm32.11.3.rel1.win32_1.1.100.202309141235/tools/bin/../lib/gcc/arm-none-eabi/11.3.1/../../../../arm-none-eabi/lib/thumb/v7e-m+fp/hard\libc_nano.a
LOAD D:/STM32CubeIDE_1.14.1/STM32CubeIDE/plugins/com.st.stm32cube.ide.mcu.externaltools.gnu-tools-for-stm32.11.3.rel1.win32_1.1.100.202309141235/tools/bin/../lib/gcc/arm-none-eabi/11.3.1/../../../../arm-none-eabi/lib/thumb/v7e-m+fp/hard\libm.a
END GROUP
START GROUP
LOAD D:/STM32CubeIDE_1.14.1/STM32CubeIDE/plugins/com.st.stm32cube.ide.mcu.externaltools.gnu-tools-for-stm32.11.3.rel1.win32_1.1.100.202309141235/tools/bin/../lib/gcc/arm-none-eabi/11.3.1/thumb/v7e-m+fp/hard\libgcc.a
LOAD D:/STM32CubeIDE_1.14.1/STM32CubeIDE/plugins/com.st.stm32cube.ide.mcu.externaltools.gnu-tools-for-stm32.11.3.rel1.win32_1.1.100.202309141235/tools/bin/../lib/gcc/arm-none-eabi/11.3.1/../../../../arm-none-eabi/lib/thumb/v7e-m+fp/hard\libc_nano.a
END GROUP
START GROUP
LOAD D:/STM32CubeIDE_1.14.1/STM32CubeIDE/plugins/com.st.stm32cube.ide.mcu.externaltools.gnu-tools-for-stm32.11.3.rel1.win32_1.1.100.202309141235/tools/bin/../lib/gcc/arm-none-eabi/11.3.1/thumb/v7e-m+fp/hard\libgcc.a
LOAD D:/STM32CubeIDE_1.14.1/STM32CubeIDE/plugins/com.st.stm32cube.ide.mcu.externaltools.gnu-tools-for-stm32.11.3.rel1.win32_1.1.100.202309141235/tools/bin/../lib/gcc/arm-none-eabi/11.3.1/../../../../arm-none-eabi/lib/thumb/v7e-m+fp/hard\libc_nano.a
LOAD D:/STM32CubeIDE_1.14.1/STM32CubeIDE/plugins/com.st.stm32cube.ide.mcu.externaltools.gnu-tools-for-stm32.11.3.rel1.win32_1.1.100.202309141235/tools/bin/../lib/gcc/arm-none-eabi/11.3.1/../../../../arm-none-eabi/lib/thumb/v7e-m+fp/hard\libnosys.a
END GROUP
START GROUP
LOAD D:/STM32CubeIDE_1.14.1/STM32CubeIDE/plugins/com.st.stm32cube.ide.mcu.externaltools.gnu-tools-for-stm32.11.3.rel1.win32_1.1.100.202309141235/tools/bin/../lib/gcc/arm-none-eabi/11.3.1/thumb/v7e-m+fp/hard\libgcc.a
LOAD D:/STM32CubeIDE_1.14.1/STM32CubeIDE/plugins/com.st.stm32cube.ide.mcu.externaltools.gnu-tools-for-stm32.11.3.rel1.win32_1.1.100.202309141235/tools/bin/../lib/gcc/arm-none-eabi/11.3.1/../../../../arm-none-eabi/lib/thumb/v7e-m+fp/hard\libc_nano.a
LOAD D:/STM32CubeIDE_1.14.1/STM32CubeIDE/plugins/com.st.stm32cube.ide.mcu.externaltools.gnu-tools-for-stm32.11.3.rel1.win32_1.1.100.202309141235/tools/bin/../lib/gcc/arm-none-eabi/11.3.1/../../../../arm-none-eabi/lib/thumb/v7e-m+fp/hard\libnosys.a
END GROUP
LOAD D:/STM32CubeIDE_1.14.1/STM32CubeIDE/plugins/com.st.stm32cube.ide.mcu.externaltools.gnu-tools-for-stm32.11.3.rel1.win32_1.1.100.202309141235/tools/bin/../lib/gcc/arm-none-eabi/11.3.1/thumb/v7e-m+fp/hard/crtend.o
LOAD D:/STM32CubeIDE_1.14.1/STM32CubeIDE/plugins/com.st.stm32cube.ide.mcu.externaltools.gnu-tools-for-stm32.11.3.rel1.win32_1.1.100.202309141235/tools/bin/../lib/gcc/arm-none-eabi/11.3.1/thumb/v7e-m+fp/hard/crtn.o
                0x0000000020020000                _estack = (ORIGIN (RAM) + LENGTH (RAM))
                0x0000000000000200                _Min_Heap_Size = 0x200
                0x0000000000000400                _Min_Stack_Size = 0x400

.isr_vector     0x0000000008000000      0x198
                0x0000000008000000                . = ALIGN (0x4)
 *(.isr_vector)
 .isr_vector    0x0000000008000000      0x198 ./Startup/startup_stm32f411ceux.o
                0x0000000008000000                g_pfnVectors
                0x0000000008000198                . = ALIGN (0x4)

.text           0x0000000008000198      0x344
                0x0000000008000198                . = ALIGN (0x4)
 *(.text)
 .text          0x0000000008000198       0x40 D:/STM32CubeIDE_1.14.1/STM32CubeIDE/plugins/com.st.stm32cube.ide.mcu.externaltools.gnu-tools-for-stm32.11.3.rel1.win32_1.1.100.202309141235/tools/bin/../lib/gcc/arm-none-eabi/11.3.1/thumb/v7e-m+fp/hard/crtbegin.o
 *(.text*)
 .text.main     0x00000000080001d8       0x3c ./Example/main.o
                0x00000000080001d8                main
 .text.Reset_Handler
                0x0000000008000214       0x50 ./Startup/startup_stm32f411ceux.o
                0x0000000008000214                Reset_Handler
 .text.Default_Handler
                0x0000000008000264        0x2 ./Startup/startup_stm32f411ceux.o
                0x0000000008000264                RTC_Alarm_IRQHandler
                0x0000000008000264                EXTI2_IRQHandler
                0x0000000008000264                DebugMon_Handler
                0x0000000008000264                SPI4_IRQHandler
                0x0000000008000264                TIM1_CC_IRQHandler
                0x0000000008000264                DMA2_Stream5_IRQHandler
                0x0000000008000264                HardFault_Handler
                0x0000000008000264                DMA1_Stream5_IRQHandler
                0x0000000008000264                SysTick_Handler
                0x0000000008000264                PVD_IRQHandler
                0x0000000008000264                SDIO_IRQHandler
                0x0000000008000264                TAMP_STAMP_IRQHandler
                0x0000000008000264                PendSV_Handler
                0x0000000008000264                NMI_Handler
                0x0000000008000264                EXTI3_IRQHandler
                0x0000000008000264                TIM1_UP_TIM10_IRQHandler
                0x0000000008000264                I2C3_ER_IRQHandler
                0x0000000008000264                EXTI0_IRQHandler
                0x0000000008000264                I2C2_EV_IRQHandler
                0x0000000008000264                DMA1_Stream2_IRQHandler
                0x0000000008000264                UsageFault_Handler
                0x0000000008000264                DMA2_Stream2_IRQHandler
                0x0000000008000264                SPI1_IRQHandler
                0x0000000008000264                TIM1_BRK_TIM9_IRQHandler
                0x0000000008000264                DMA2_Stream3_IRQHandler
                0x0000000008000264                USART6_IRQHandler
                0x0000000008000264                DMA2_Stream0_IRQHandler
                0x0000000008000264                TIM4_IRQHandler
                0x0000000008000264                I2C1_EV_IRQHandler
                0x0000000008000264                DMA1_Stream6_IRQHandler
                0x0000000008000264                DMA1_Stream1_IRQHandler
                0x0000000008000264                TIM3_IRQHandler
                0x0000000008000264                RCC_IRQHandler
                0x0000000008000264                Default_Handler
                0x0000000008000264                EXTI15_10_IRQHandler
                0x0000000008000264                ADC_IRQHandler
                0x0000000008000264                DMA1_Stream7_IRQHandler
                0x0000000008000264                SPI5_IRQHandler
                0x0000000008000264                TIM5_IRQHandler
                0x0000000008000264                DMA2_Stream7_IRQHandler
                0x0000000008000264                I2C3_EV_IRQHandler
                0x0000000008000264                EXTI9_5_IRQHandler
                0x0000000008000264                RTC_WKUP_IRQHandler
                0x0000000008000264                SPI2_IRQHandler
                0x0000000008000264                MemManage_Handler
                0x0000000008000264                DMA1_Stream0_IRQHandler
                0x0000000008000264                SVC_Handler
                0x0000000008000264                EXTI4_IRQHandler
                0x0000000008000264                WWDG_IRQHandler
                0x0000000008000264                TIM2_IRQHandler
                0x0000000008000264                OTG_FS_WKUP_IRQHandler
                0x0000000008000264                TIM1_TRG_COM_TIM11_IRQHandler
                0x0000000008000264                EXTI1_IRQHandler
                0x0000000008000264                USART2_IRQHandler
                0x0000000008000264                I2C2_ER_IRQHandler
                0x0000000008000264                DMA2_Stream1_IRQHandler
                0x0000000008000264                FLASH_IRQHandler
                0x0000000008000264                DMA2_Stream4_IRQHandler
                0x0000000008000264                BusFault_Handler
                0x0000000008000264                USART1_IRQHandler
                0x0000000008000264                OTG_FS_IRQHandler
                0x0000000008000264                SPI3_IRQHandler
                0x0000000008000264                DMA1_Stream4_IRQHandler
                0x0000000008000264                I2C1_ER_IRQHandler
                0x0000000008000264                DMA2_Stream6_IRQHandler
                0x0000000008000264                DMA1_Stream3_IRQHandler
 *fill*         0x0000000008000266        0x2 
 .text.GPIO_ClockControl
                0x0000000008000268       0xc0 ./drivers/src/stm32f411ceu6_GPIO.o
                0x0000000008000268                GPIO_ClockControl
 .text.initGPIO
                0x0000000008000328      0x116 ./drivers/src/stm32f411ceu6_GPIO.o
                0x0000000008000328                initGPIO
 .text.GPIO_write
                0x000000000800043e       0x3e ./drivers/src/stm32f411ceu6_GPIO.o
                0x000000000800043e                GPIO_write
 .text.__libc_init_array
                0x000000000800047c       0x48 D:/STM32CubeIDE_1.14.1/STM32CubeIDE/plugins/com.st.stm32cube.ide.mcu.externaltools.gnu-tools-for-stm32.11.3.rel1.win32_1.1.100.202309141235/tools/bin/../lib/gcc/arm-none-eabi/11.3.1/../../../../arm-none-eabi/lib/thumb/v7e-m+fp/hard\libc_nano.a(libc_a-init.o)
                0x000000000800047c                __libc_init_array
 *(.glue_7)
 .glue_7        0x00000000080004c4        0x0 linker stubs
 *(.glue_7t)
 .glue_7t       0x00000000080004c4        0x0 linker stubs
 *(.eh_frame)
 .eh_frame      0x00000000080004c4        0x0 D:/STM32CubeIDE_1.14.1/STM32CubeIDE/plugins/com.st.stm32cube.ide.mcu.externaltools.gnu-tools-for-stm32.11.3.rel1.win32_1.1.100.202309141235/tools/bin/../lib/gcc/arm-none-eabi/11.3.1/thumb/v7e-m+fp/hard/crtbegin.o
 *(.init)
 .init          0x00000000080004c4        0x4 D:/STM32CubeIDE_1.14.1/STM32CubeIDE/plugins/com.st.stm32cube.ide.mcu.externaltools.gnu-tools-for-stm32.11.3.rel1.win32_1.1.100.202309141235/tools/bin/../lib/gcc/arm-none-eabi/11.3.1/thumb/v7e-m+fp/hard/crti.o
                0x00000000080004c4                _init
 .init          0x00000000080004c8        0x8 D:/STM32CubeIDE_1.14.1/STM32CubeIDE/plugins/com.st.stm32cube.ide.mcu.externaltools.gnu-tools-for-stm32.11.3.rel1.win32_1.1.100.202309141235/tools/bin/../lib/gcc/arm-none-eabi/11.3.1/thumb/v7e-m+fp/hard/crtn.o
 *(.fini)
 .fini          0x00000000080004d0        0x4 D:/STM32CubeIDE_1.14.1/STM32CubeIDE/plugins/com.st.stm32cube.ide.mcu.externaltools.gnu-tools-for-stm32.11.3.rel1.win32_1.1.100.202309141235/tools/bin/../lib/gcc/arm-none-eabi/11.3.1/thumb/v7e-m+fp/hard/crti.o
                0x00000000080004d0                _fini
 .fini          0x00000000080004d4        0x8 D:/STM32CubeIDE_1.14.1/STM32CubeIDE/plugins/com.st.stm32cube.ide.mcu.externaltools.gnu-tools-for-stm32.11.3.rel1.win32_1.1.100.202309141235/tools/bin/../lib/gcc/arm-none-eabi/11.3.1/thumb/v7e-m+fp/hard/crtn.o
                0x00000000080004dc                . = ALIGN (0x4)
                0x00000000080004dc                _etext = .

.vfp11_veneer   0x00000000080004dc        0x0
 .vfp11_veneer  0x00000000080004dc        0x0 linker stubs

.v4_bx          0x00000000080004dc        0x0
 .v4_bx         0x00000000080004dc        0x0 linker stubs

.iplt           0x00000000080004dc        0x0
 .iplt          0x00000000080004dc        0x0 D:/STM32CubeIDE_1.14.1/STM32CubeIDE/plugins/com.st.stm32cube.ide.mcu.externaltools.gnu-tools-for-stm32.11.3.rel1.win32_1.1.100.202309141235/tools/bin/../lib/gcc/arm-none-eabi/11.3.1/thumb/v7e-m+fp/hard/crtbegin.o

.rel.dyn        0x00000000080004dc        0x0
 .rel.iplt      0x00000000080004dc        0x0 D:/STM32CubeIDE_1.14.1/STM32CubeIDE/plugins/com.st.stm32cube.ide.mcu.externaltools.gnu-tools-for-stm32.11.3.rel1.win32_1.1.100.202309141235/tools/bin/../lib/gcc/arm-none-eabi/11.3.1/thumb/v7e-m+fp/hard/crtbegin.o

.rodata         0x00000000080004dc        0x0
                0x00000000080004dc                . = ALIGN (0x4)
 *(.rodata)
 *(.rodata*)
                0x00000000080004dc                . = ALIGN (0x4)

.ARM.extab      0x00000000080004dc        0x0
                0x00000000080004dc                . = ALIGN (0x4)
 *(.ARM.extab* .gnu.linkonce.armextab.*)
                0x00000000080004dc                . = ALIGN (0x4)

.ARM            0x00000000080004dc        0x0
                0x00000000080004dc                . = ALIGN (0x4)
                0x00000000080004dc                __exidx_start = .
 *(.ARM.exidx*)
                0x00000000080004dc                __exidx_end = .
                0x00000000080004dc                . = ALIGN (0x4)

.preinit_array  0x00000000080004dc        0x0
                0x00000000080004dc                . = ALIGN (0x4)
                0x00000000080004dc                PROVIDE (__preinit_array_start = .)
 *(.preinit_array*)
                0x00000000080004dc                PROVIDE (__preinit_array_end = .)
                0x00000000080004dc                . = ALIGN (0x4)

.init_array     0x00000000080004dc        0x4
                0x00000000080004dc                . = ALIGN (0x4)
                0x00000000080004dc                PROVIDE (__init_array_start = .)
 *(SORT_BY_NAME(.init_array.*))
 *(.init_array*)
 .init_array    0x00000000080004dc        0x4 D:/STM32CubeIDE_1.14.1/STM32CubeIDE/plugins/com.st.stm32cube.ide.mcu.externaltools.gnu-tools-for-stm32.11.3.rel1.win32_1.1.100.202309141235/tools/bin/../lib/gcc/arm-none-eabi/11.3.1/thumb/v7e-m+fp/hard/crtbegin.o
                0x00000000080004e0                PROVIDE (__init_array_end = .)
                0x00000000080004e0                . = ALIGN (0x4)

.fini_array     0x00000000080004e0        0x4
                0x00000000080004e0                . = ALIGN (0x4)
                [!provide]                        PROVIDE (__fini_array_start = .)
 *(SORT_BY_NAME(.fini_array.*))
 *(.fini_array*)
 .fini_array    0x00000000080004e0        0x4 D:/STM32CubeIDE_1.14.1/STM32CubeIDE/plugins/com.st.stm32cube.ide.mcu.externaltools.gnu-tools-for-stm32.11.3.rel1.win32_1.1.100.202309141235/tools/bin/../lib/gcc/arm-none-eabi/11.3.1/thumb/v7e-m+fp/hard/crtbegin.o
                [!provide]                        PROVIDE (__fini_array_end = .)
                0x00000000080004e4                . = ALIGN (0x4)
                0x00000000080004e4                _sidata = LOADADDR (.data)

.data           0x0000000020000000        0x0 load address 0x00000000080004e4
                0x0000000020000000                . = ALIGN (0x4)
                0x0000000020000000                _sdata = .
 *(.data)
 *(.data*)
 *(.RamFunc)
 *(.RamFunc*)
                0x0000000020000000                . = ALIGN (0x4)
                0x0000000020000000                _edata = .

.igot.plt       0x0000000020000000        0x0 load address 0x00000000080004e4
 .igot.plt      0x0000000020000000        0x0 D:/STM32CubeIDE_1.14.1/STM32CubeIDE/plugins/com.st.stm32cube.ide.mcu.externaltools.gnu-tools-for-stm32.11.3.rel1.win32_1.1.100.202309141235/tools/bin/../lib/gcc/arm-none-eabi/11.3.1/thumb/v7e-m+fp/hard/crtbegin.o
                0x0000000020000000                . = ALIGN (0x4)

.bss            0x0000000020000000       0x1c load address 0x00000000080004e4
                0x0000000020000000                _sbss = .
                0x0000000020000000                __bss_start__ = _sbss
 *(.bss)
 .bss           0x0000000020000000       0x1c D:/STM32CubeIDE_1.14.1/STM32CubeIDE/plugins/com.st.stm32cube.ide.mcu.externaltools.gnu-tools-for-stm32.11.3.rel1.win32_1.1.100.202309141235/tools/bin/../lib/gcc/arm-none-eabi/11.3.1/thumb/v7e-m+fp/hard/crtbegin.o
 *(.bss*)
 *(COMMON)
                0x000000002000001c                . = ALIGN (0x4)
                0x000000002000001c                _ebss = .
                0x000000002000001c                __bss_end__ = _ebss

._user_heap_stack
                0x000000002000001c      0x604 load address 0x00000000080004e4
                0x0000000020000020                . = ALIGN (0x8)
 *fill*         0x000000002000001c        0x4 
                [!provide]                        PROVIDE (end = .)
                0x0000000020000020                PROVIDE (_end = .)
                0x0000000020000220                . = (. + _Min_Heap_Size)
 *fill*         0x0000000020000020      0x200 
                0x0000000020000620                . = (. + _Min_Stack_Size)
 *fill*         0x0000000020000220      0x400 
                0x0000000020000620                . = ALIGN (0x8)

/DISCARD/
 libc.a(*)
 libm.a(*)
 libgcc.a(*)

.ARM.attributes
                0x0000000000000000       0x30
 *(.ARM.attributes)
 .ARM.attributes
                0x0000000000000000       0x1e D:/STM32CubeIDE_1.14.1/STM32CubeIDE/plugins/com.st.stm32cube.ide.mcu.externaltools.gnu-tools-for-stm32.11.3.rel1.win32_1.1.100.202309141235/tools/bin/../lib/gcc/arm-none-eabi/11.3.1/thumb/v7e-m+fp/hard/crti.o
 .ARM.attributes
                0x000000000000001e       0x34 D:/STM32CubeIDE_1.14.1/STM32CubeIDE/plugins/com.st.stm32cube.ide.mcu.externaltools.gnu-tools-for-stm32.11.3.rel1.win32_1.1.100.202309141235/tools/bin/../lib/gcc/arm-none-eabi/11.3.1/thumb/v7e-m+fp/hard/crtbegin.o
 .ARM.attributes
                0x0000000000000052       0x34 ./Example/main.o
 .ARM.attributes
                0x0000000000000086       0x21 ./Startup/startup_stm32f411ceux.o
 .ARM.attributes
                0x00000000000000a7       0x34 ./drivers/src/stm32f411ceu6_GPIO.o
 .ARM.attributes
                0x00000000000000db       0x34 D:/STM32CubeIDE_1.14.1/STM32CubeIDE/plugins/com.st.stm32cube.ide.mcu.externaltools.gnu-tools-for-stm32.11.3.rel1.win32_1.1.100.202309141235/tools/bin/../lib/gcc/arm-none-eabi/11.3.1/../../../../arm-none-eabi/lib/thumb/v7e-m+fp/hard\libc_nano.a(libc_a-init.o)
 .ARM.attributes
                0x000000000000010f       0x1e D:/STM32CubeIDE_1.14.1/STM32CubeIDE/plugins/com.st.stm32cube.ide.mcu.externaltools.gnu-tools-for-stm32.11.3.rel1.win32_1.1.100.202309141235/tools/bin/../lib/gcc/arm-none-eabi/11.3.1/thumb/v7e-m+fp/hard/crtn.o
OUTPUT(balanceSpoon.elf elf32-littlearm)
LOAD linker stubs
LOAD D:/STM32CubeIDE_1.14.1/STM32CubeIDE/plugins/com.st.stm32cube.ide.mcu.externaltools.gnu-tools-for-stm32.11.3.rel1.win32_1.1.100.202309141235/tools/bin/../lib/gcc/arm-none-eabi/11.3.1/../../../../arm-none-eabi/lib/thumb/v7e-m+fp/hard\libc.a
LOAD D:/STM32CubeIDE_1.14.1/STM32CubeIDE/plugins/com.st.stm32cube.ide.mcu.externaltools.gnu-tools-for-stm32.11.3.rel1.win32_1.1.100.202309141235/tools/bin/../lib/gcc/arm-none-eabi/11.3.1/../../../../arm-none-eabi/lib/thumb/v7e-m+fp/hard\libm.a
LOAD D:/STM32CubeIDE_1.14.1/STM32CubeIDE/plugins/com.st.stm32cube.ide.mcu.externaltools.gnu-tools-for-stm32.11.3.rel1.win32_1.1.100.202309141235/tools/bin/../lib/gcc/arm-none-eabi/11.3.1/thumb/v7e-m+fp/hard\libgcc.a

.comment        0x0000000000000000       0x43
 .comment       0x0000000000000000       0x43 D:/STM32CubeIDE_1.14.1/STM32CubeIDE/plugins/com.st.stm32cube.ide.mcu.externaltools.gnu-tools-for-stm32.11.3.rel1.win32_1.1.100.202309141235/tools/bin/../lib/gcc/arm-none-eabi/11.3.1/thumb/v7e-m+fp/hard/crtbegin.o
                                         0x44 (size before relaxing)
 .comment       0x0000000000000043       0x44 ./Example/main.o
 .comment       0x0000000000000043       0x44 ./drivers/src/stm32f411ceu6_GPIO.o

.debug_info     0x0000000000000000      0x677
 .debug_info    0x0000000000000000      0x248 ./Example/main.o
 .debug_info    0x0000000000000248       0x23 ./Startup/startup_stm32f411ceux.o
 .debug_info    0x000000000000026b      0x40c ./drivers/src/stm32f411ceu6_GPIO.o

.debug_abbrev   0x0000000000000000      0x20c
 .debug_abbrev  0x0000000000000000       0xea ./Example/main.o
 .debug_abbrev  0x00000000000000ea       0x12 ./Startup/startup_stm32f411ceux.o
 .debug_abbrev  0x00000000000000fc      0x110 ./drivers/src/stm32f411ceu6_GPIO.o

.debug_aranges  0x0000000000000000       0x88
 .debug_aranges
                0x0000000000000000       0x28 ./Example/main.o
 .debug_aranges
                0x0000000000000028       0x28 ./Startup/startup_stm32f411ceux.o
 .debug_aranges
                0x0000000000000050       0x38 ./drivers/src/stm32f411ceu6_GPIO.o

.debug_rnglists
                0x0000000000000000       0x59
 .debug_rnglists
                0x0000000000000000       0x19 ./Example/main.o
 .debug_rnglists
                0x0000000000000019       0x19 ./Startup/startup_stm32f411ceux.o
 .debug_rnglists
                0x0000000000000032       0x27 ./drivers/src/stm32f411ceu6_GPIO.o

.debug_macro    0x0000000000000000     0x1dfa
 .debug_macro   0x0000000000000000      0x15c ./Example/main.o
 .debug_macro   0x000000000000015c      0xaae ./Example/main.o
 .debug_macro   0x0000000000000c0a       0x22 ./Example/main.o
 .debug_macro   0x0000000000000c2c       0x8e ./Example/main.o
 .debug_macro   0x0000000000000cba       0x51 ./Example/main.o
 .debug_macro   0x0000000000000d0b      0x103 ./Example/main.o
 .debug_macro   0x0000000000000e0e       0x6a ./Example/main.o
 .debug_macro   0x0000000000000e78      0x1df ./Example/main.o
 .debug_macro   0x0000000000001057       0x61 ./Example/main.o
 .debug_macro   0x00000000000010b8       0x2a ./Example/main.o
 .debug_macro   0x00000000000010e2       0x43 ./Example/main.o
 .debug_macro   0x0000000000001125       0x34 ./Example/main.o
 .debug_macro   0x0000000000001159       0x16 ./Example/main.o
 .debug_macro   0x000000000000116f       0x97 ./Example/main.o
 .debug_macro   0x0000000000001206      0x369 ./Example/main.o
 .debug_macro   0x000000000000156f       0xfd ./Example/main.o
 .debug_macro   0x000000000000166c       0x10 ./Example/main.o
 .debug_macro   0x000000000000167c       0x16 ./Example/main.o
 .debug_macro   0x0000000000001692       0x43 ./Example/main.o
 .debug_macro   0x00000000000016d5       0x34 ./Example/main.o
 .debug_macro   0x0000000000001709       0x10 ./Example/main.o
 .debug_macro   0x0000000000001719       0x58 ./Example/main.o
 .debug_macro   0x0000000000001771       0x8e ./Example/main.o
 .debug_macro   0x00000000000017ff       0x1c ./Example/main.o
 .debug_macro   0x000000000000181b      0x177 ./Example/main.o
 .debug_macro   0x0000000000001992       0x16 ./Example/main.o
 .debug_macro   0x00000000000019a8       0x16 ./Example/main.o
 .debug_macro   0x00000000000019be      0x147 ./Example/main.o
 .debug_macro   0x0000000000001b05       0xa6 ./Example/main.o
 .debug_macro   0x0000000000001bab      0x12a ./Example/main.o
 .debug_macro   0x0000000000001cd5       0x85 ./drivers/src/stm32f411ceu6_GPIO.o
 .debug_macro   0x0000000000001d5a       0xa0 ./drivers/src/stm32f411ceu6_GPIO.o

.debug_line     0x0000000000000000      0xc51
 .debug_line    0x0000000000000000      0x605 ./Example/main.o
 .debug_line    0x0000000000000605       0x7b ./Startup/startup_stm32f411ceux.o
 .debug_line    0x0000000000000680      0x5d1 ./drivers/src/stm32f411ceu6_GPIO.o

.debug_str      0x0000000000000000     0x7cbc
 .debug_str     0x0000000000000000     0x7b43 ./Example/main.o
                                       0x7d36 (size before relaxing)
 .debug_str     0x0000000000007b43       0x2f ./Startup/startup_stm32f411ceux.o
                                         0x56 (size before relaxing)
 .debug_str     0x0000000000007b72      0x14a ./drivers/src/stm32f411ceu6_GPIO.o
                                       0x43f3 (size before relaxing)

.debug_frame    0x0000000000000000      0x130
 .debug_frame   0x0000000000000000       0x58 ./Example/main.o
 .debug_frame   0x0000000000000058       0xac ./drivers/src/stm32f411ceu6_GPIO.o
 .debug_frame   0x0000000000000104       0x2c D:/STM32CubeIDE_1.14.1/STM32CubeIDE/plugins/com.st.stm32cube.ide.mcu.externaltools.gnu-tools-for-stm32.11.3.rel1.win32_1.1.100.202309141235/tools/bin/../lib/gcc/arm-none-eabi/11.3.1/../../../../arm-none-eabi/lib/thumb/v7e-m+fp/hard\libc_nano.a(libc_a-init.o)

.debug_line_str
                0x0000000000000000       0x4a
 .debug_line_str
                0x0000000000000000       0x4a ./Startup/startup_stm32f411ceux.o
                                         0x62 (size before relaxing)
